
> wedding-planner@0.1.0 build
> next build

Γû▓ Next.js 16.1.1 (Turbopack)

  Creating an optimized production build ...
Γ£ô Compiled successfully in 5.2s
  Running TypeScript ...
node.exe : Failed to 
compile.
At C:\Program Files\nod
ejs\npm.ps1:29 char:3
+   & $NODE_EXE 
$NPM_CLI_JS $args
+   ~~~~~~~~~~~~~~~~~~~
~~~~~~~~~~
    + CategoryInfo     
         : NotSpecifi  
  ed: (Failed to com   
 pile.:String) [],     
RemoteException
    + FullyQualifiedEr 
   rorId : NativeComm  
  andError
 

./components/print/Prin
tDashboard.tsx:15:32
Type error: Property 
'date' does not exist 
on type 'WeddingData'.

[0m [90m 13 |[39m   
  [36mconst[39m { 
totals[33m:[39m vendo
rTotals[33m,[39m 
vendors } [33m=[39m 
useVendors()[33m;[39m
 [90m 14 |[39m
[31m[1m>[22m[39m[9
0m 15 |[39m     
[36mconst[39m 
formattedDate 
[33m=[39m 
data[33m.[39mdate
 [90m    |[39m       
                       
  [31m[1m^[22m[39m
 [90m 16 |[39m       
  [33m?[39m 
format([36mnew[39m [
33mDate[39m(data[33m.
[39mdate)[33m,[39m 
[32m"MMMM do, 
yyyy"[39m)
 [90m 17 |[39m       
  [33m:[39m 
[32m"Date Not 
Set"[39m[33m;[39m
 [90m 18 |[39m[0m
Next.js build worker 
exited with code: 1 
and signal: null
